// Jest Snapshot v1, https://goo.gl/fbAQLP

exports[`<Config> renders and matches the snapshot 1`] = `
<div>
  <div
    class="sc-braxZu gWPSqz"
  >
    <h2>
      System Preferences
    </h2>
    <div
      class="sc-fQpRED eOOFKd"
    >
      <fieldset>
        <p
          class="sc-elDIKY iBAOLe"
          for="code"
        >
          Select your theme
        </p>
        <select
          class="form-select"
        >
          <option
            value=""
          >
            -
          </option>
          <option
            value="blue"
          >
            blue
          </option>
          <option
            value="red"
          >
            red
          </option>
          <option
            value="happy"
          >
            happy
          </option>
          <option
            value="forest"
          >
            forest
          </option>
        </select>
      </fieldset>
    </div>
  </div>
</div>
`;
