// Jest Snapshot v1, https://goo.gl/fbAQLP

exports[`<Magento> renders magento attributes and matches the snapshot 1`] = `
<div>
  <div
    class="sc-braxZu gWPSqz"
  >
    <h2>
      Magento Attributes
    </h2>
    <div
      class="sc-la-DxNn hNzmqC"
    >
      <div
        class="loader"
      />
    </div>
  </div>
</div>
`;
